Collecting kokoro
  Using cached kokoro-0.9.4-py3-none-any.whl.metadata (21 kB)
Requirement already satisfied: huggingface-hub in /usr/local/lib/python3.11/dist-packages (from kokoro) (1.27.0)
Collecting loguru (from kokoro)
  Using cached loguru-0.7.3-py3-none-any.whl.metadata (22 kB)
Collecting misaki>=0.9.4 (from misaki[en]>=0.9.4->kokoro)
  Using cached misaki-0.9.4-py3-none-any.whl.metadata (19 kB)
Requirement already satisfied: numpy in /usr/local/lib/python3.11/dist-packages (from kokoro) (2.4.6)
Collecting torch (from kokoro)
  Using cached torch-2.13.0-cp311-cp311-manylinux_2_28_x86_64.whl.metadata (38 kB)
Collecting transformers (from kokoro)
  Using cached transformers-5.15.0-py3-none-any.whl.metadata (32 kB)
Collecting addict (from misaki>=0.9.4->misaki[en]>=0.9.4->kokoro)
  Using cached addict-2.4.0-py3-none-any.whl.metadata (1.0 kB)
Collecting regex (from misaki>=0.9.4->misaki[en]>=0.9.4->kokoro)
  Using cached regex-2026.7.19-cp311-cp311-manylinux2014_x86_64.manylinux_2_17_x86_64.manylinux_2_28_x86_64.whl.metadata (40 kB)
Collecting espeakng-loader (from misaki[en]>=0.9.4->kokoro)
  Using cached espeakng_loader-0.2.4-py3-none-manylinux_2_17_x86_64.manylinux2014_x86_64.whl.metadata (1.3 kB)
Collecting num2words (from misaki[en]>=0.9.4->kokoro)
  Using cached num2words-0.5.14-py3-none-any.whl.metadata (13 kB)
Collecting phonemizer-fork (from misaki[en]>=0.9.4->kokoro)
  Using cached phonemizer_fork-3.3.2-py3-none-any.whl.metadata (48 kB)
Collecting spacy (from misaki[en]>=0.9.4->kokoro)
  Using cached spacy-3.8.15-cp311-cp311-manylinux_2_24_x86_64.manylinux_2_28_x86_64.whl.metadata (28 kB)
Collecting spacy-curated-transformers (from misaki[en]>=0.9.4->kokoro)
  Using cached spacy_curated_transformers-2.1.2-py2.py3-none-any.whl.metadata (2.8 kB)
Requirement already satisfied: click<9.0.0,>=8.4.2 in /usr/local/lib/python3.11/dist-packages (from huggingface-hub->kokoro) (8.4.2)
Requirement already satisfied: filelock>=3.10.0 in /usr/local/lib/python3.11/dist-packages (from huggingface-hub->kokoro) (3.32.2)
Requirement already satisfied: fsspec>=2023.5.0 in /usr/local/lib/python3.11/dist-packages (from huggingface-hub->kokoro) (2026.7.0)
Requirement already satisfied: hf-xet<2.0.0,>=1.5.2 in /usr/local/lib/python3.11/dist-packages (from huggingface-hub->kokoro) (1.6.0)
Requirement already satisfied: httpx<1,>=0.23.0 in /usr/local/lib/python3.11/dist-packages (from huggingface-hub->kokoro) (0.28.1)
Requirement already satisfied: packaging>=20.9 in /usr/lib/python3/dist-packages (from huggingface-hub->kokoro) (24.0)
Requirement already satisfied: pyyaml>=5.1 in /usr/lib/python3/dist-packages (from huggingface-hub->kokoro) (6.0.1)
Requirement already satisfied: tqdm>=4.42.1 in /usr/local/lib/python3.11/dist-packages (from huggingface-hub->kokoro) (4.70.0)
Requirement already satisfied: typing-extensions>=4.1.0 in /usr/local/lib/python3.11/dist-packages (from huggingface-hub->kokoro) (4.16.0)
Collecting setuptools>=77.0.3 (from torch->kokoro)
  Using cached setuptools-84.0.0-py3-none-any.whl.metadata (6.6 kB)
Collecting sympy>=1.13.3 (from torch->kokoro)
  Using cached sympy-1.14.0-py3-none-any.whl.metadata (12 kB)
Collecting networkx>=2.5.1 (from torch->kokoro)
  Using cached networkx-3.6.1-py3-none-any.whl.metadata (6.8 kB)
Requirement already satisfied: jinja2 in /root/.local/lib/python3.11/site-packages (from torch->kokoro) (3.1.6)
Collecting cuda-toolkit==13.0.3 (from cuda-toolkit[cublas,cudart,cufft,cufile,cupti,curand,cusolver,cusparse,nvjitlink,nvrtc,nvtx]==13.0.3; platform_system == "Linux"->torch->kokoro)
  Using cached cuda_toolkit-13.0.3.0-py2.py3-none-any.whl.metadata (17 kB)
Collecting cuda-bindings<14,>=13.0.3 (from torch->kokoro)
  Using cached cuda_bindings-13.3.1-cp311-cp311-manylinux_2_24_x86_64.manylinux_2_28_x86_64.whl.metadata (2.5 kB)
Collecting nvidia-cudnn-cu13==9.20.0.48 (from torch->kokoro)
  Using cached nvidia_cudnn_cu13-9.20.0.48-py3-none-manylinux_2_27_x86_64.whl.metadata (1.9 kB)
Collecting nvidia-cusparselt-cu13==0.8.1 (from torch->kokoro)
  Using cached nvidia_cusparselt_cu13-0.8.1-py3-none-manylinux2014_x86_64.whl.metadata (12 kB)
Collecting nvidia-nccl-cu13==2.29.7 (from torch->kokoro)
  Using cached nvidia_nccl_cu13-2.29.7-py3-none-manylinux_2_18_x86_64.whl.metadata (2.1 kB)
Collecting nvidia-nvshmem-cu13==3.4.5 (from torch->kokoro)
  Using cached nvidia_nvshmem_cu13-3.4.5-py3-none-manylinux2014_x86_64.manylinux_2_17_x86_64.whl.metadata (2.1 kB)
Collecting triton==3.7.1 (from torch->kokoro)
  Using cached triton-3.7.1-cp311-cp311-manylinux_2_27_x86_64.manylinux_2_28_x86_64.whl.metadata (1.7 kB)
Collecting nvidia-cublas==13.1.1.3.* (from cuda-toolkit[cublas,cudart,cufft,cufile,cupti,curand,cusolver,cusparse,nvjitlink,nvrtc,nvtx]==13.0.3; platform_system == "Linux"->torch->kokoro)
  Using cached nvidia_cublas-13.1.1.3-py3-none-manylinux_2_27_x86_64.whl.metadata (1.8 kB)
Collecting nvidia-cuda-nvrtc==13.0.88.* (from cuda-toolkit[cublas,cudart,cufft,cufile,cupti,curand,cusolver,cusparse,nvjitlink,nvrtc,nvtx]==13.0.3; platform_system == "Linux"->torch->kokoro)
  Using cached nvidia_cuda_nvrtc-13.0.88-py3-none-manylinux2010_x86_64.manylinux_2_12_x86_64.whl.metadata (1.7 kB)
Collecting nvidia-cuda-runtime==13.0.96.* (from cuda-toolkit[cublas,cudart,cufft,cufile,cupti,curand,cusolver,cusparse,nvjitlink,nvrtc,nvtx]==13.0.3; platform_system == "Linux"->torch->kokoro)
  Using cached nvidia_cuda_runtime-13.0.96-py3-none-manylinux2014_x86_64.manylinux_2_17_x86_64.whl.metadata (1.7 kB)
Collecting nvidia-cufft==12.0.0.61.* (from cuda-toolkit[cublas,cudart,cufft,cufile,cupti,curand,cusolver,cusparse,nvjitlink,nvrtc,nvtx]==13.0.3; platform_system == "Linux"->torch->kokoro)
  Using cached nvidia_cufft-12.0.0.61-py3-none-manylinux2014_x86_64.manylinux_2_17_x86_64.whl.metadata (1.8 kB)
Collecting nvidia-nvjitlink<14,>=13.0.88 (from cuda-toolkit[cublas,cudart,cufft,cufile,cupti,curand,cusolver,cusparse,nvjitlink,nvrtc,nvtx]==13.0.3; platform_system == "Linux"->torch->kokoro)
  Using cached nvidia_nvjitlink-13.3.33-py3-none-manylinux2010_x86_64.manylinux_2_12_x86_64.whl.metadata (1.8 kB)
Collecting nvidia-cufile==1.15.1.6.* (from cuda-toolkit[cublas,cudart,cufft,cufile,cupti,curand,cusolver,cusparse,nvjitlink,nvrtc,nvtx]==13.0.3; platform_system == "Linux"->torch->kokoro)
  Using cached nvidia_cufile-1.15.1.6-py3-none-manylinux2014_x86_64.manylinux_2_17_x86_64.whl.metadata (1.7 kB)
Collecting nvidia-cuda-cupti==13.0.85.* (from cuda-toolkit[cublas,cudart,cufft,cufile,cupti,curand,cusolver,cusparse,nvjitlink,nvrtc,nvtx]==13.0.3; platform_system == "Linux"->torch->kokoro)
  Using cached nvidia_cuda_cupti-13.0.85-py3-none-manylinux_2_25_x86_64.whl.metadata (1.7 kB)
Collecting nvidia-curand==10.4.0.35.* (from cuda-toolkit[cublas,cudart,cufft,cufile,cupti,curand,cusolver,cusparse,nvjitlink,nvrtc,nvtx]==13.0.3; platform_system == "Linux"->torch->kokoro)
  Using cached nvidia_curand-10.4.0.35-py3-none-manylinux_2_27_x86_64.whl.metadata (1.7 kB)
Collecting nvidia-cusolver==12.0.4.66.* (from cuda-toolkit[cublas,cudart,cufft,cufile,cupti,curand,cusolver,cusparse,nvjitlink,nvrtc,nvtx]==13.0.3; platform_system == "Linux"->torch->kokoro)
  Using cached nvidia_cusolver-12.0.4.66-py3-none-manylinux_2_27_x86_64.whl.metadata (1.8 kB)
Collecting nvidia-cusparse==12.6.3.3.* (from cuda-toolkit[cublas,cudart,cufft,cufile,cupti,curand,cusolver,cusparse,nvjitlink,nvrtc,nvtx]==13.0.3; platform_system == "Linux"->torch->kokoro)
  Using cached nvidia_cusparse-12.6.3.3-py3-none-manylinux2014_x86_64.manylinux_2_17_x86_64.whl.metadata (1.8 kB)
Collecting nvidia-nvtx==13.0.85.* (from cuda-toolkit[cublas,cudart,cufft,cufile,cupti,curand,cusolver,cusparse,nvjitlink,nvrtc,nvtx]==13.0.3; platform_system == "Linux"->torch->kokoro)
  Using cached nvidia_nvtx-13.0.85-py3-none-manylinux1_x86_64.manylinux_2_5_x86_64.whl.metadata (1.8 kB)
Collecting tokenizers<=0.23.0,>=0.22.0 (from transformers->kokoro)
  Using cached tokenizers-0.22.2-cp39-abi3-manylinux_2_17_x86_64.manylinux2014_x86_64.whl.metadata (7.3 kB)
Collecting typer (from transformers->kokoro)
  Using cached typer-0.27.1-py3-none-any.whl.metadata (16 kB)
Collecting safetensors>=0.8.0 (from transformers->kokoro)
  Using cached safetensors-0.8.0-cp310-abi3-manylinux_2_17_x86_64.manylinux2014_x86_64.whl.metadata (4.2 kB)
Collecting cuda-pathfinder>=1.4.2 (from cuda-bindings<14,>=13.0.3->torch->kokoro)
  Using cached cuda_pathfinder-1.6.0-py3-none-any.whl.metadata (1.9 kB)
Requirement already satisfied: anyio in /usr/local/lib/python3.11/dist-packages (from httpx<1,>=0.23.0->huggingface-hub->kokoro) (4.14.2)
Requirement already satisfied: certifi in /root/.local/lib/python3.11/site-packages (from httpx<1,>=0.23.0->huggingface-hub->kokoro) (2026.2.25)
Requirement already satisfied: httpcore==1.* in /usr/local/lib/python3.11/dist-packages (from httpx<1,>=0.23.0->huggingface-hub->kokoro) (1.0.9)
Requirement already satisfied: idna in /root/.local/lib/python3.11/site-packages (from httpx<1,>=0.23.0->huggingface-hub->kokoro) (3.11)
Requirement already satisfied: h11>=0.16 in /usr/local/lib/python3.11/dist-packages (from httpcore==1.*->httpx<1,>=0.23.0->huggingface-hub->kokoro) (0.16.0)
Collecting mpmath<1.4,>=1.1.0 (from sympy>=1.13.3->torch->kokoro)
  Using cached mpmath-1.3.0-py3-none-any.whl.metadata (8.6 kB)
Requirement already satisfied: MarkupSafe>=2.0 in /root/.local/lib/python3.11/site-packages (from jinja2->torch->kokoro) (3.0.3)
Requirement already satisfied: docopt>=0.6.2 in /usr/lib/python3/dist-packages (from num2words->misaki[en]>=0.9.4->kokoro) (0.6.2)
Collecting attrs>=18.1 (from phonemizer-fork->misaki[en]>=0.9.4->kokoro)
  Using cached attrs-26.1.0-py3-none-any.whl.metadata (8.8 kB)
Collecting dlinfo (from phonemizer-fork->misaki[en]>=0.9.4->kokoro)
  Using cached dlinfo-2.0.0-py3-none-any.whl.metadata (1.1 kB)
Collecting joblib (from phonemizer-fork->misaki[en]>=0.9.4->kokoro)
  Using cached joblib-1.5.3-py3-none-any.whl.metadata (5.5 kB)
Collecting segments (from phonemizer-fork->misaki[en]>=0.9.4->kokoro)
  Using cached segments-2.4.0-py2.py3-none-any.whl.metadata (3.5 kB)
Collecting spacy-legacy<3.1.0,>=3.0.11 (from spacy->misaki[en]>=0.9.4->kokoro)
  Using cached spacy_legacy-3.0.12-py2.py3-none-any.whl.metadata (2.8 kB)
Collecting spacy-loggers<2.0.0,>=1.0.0 (from spacy->misaki[en]>=0.9.4->kokoro)
  Using cached spacy_loggers-1.0.5-py3-none-any.whl.metadata (23 kB)
Collecting murmurhash<1.1.0,>=0.28.0 (from spacy->misaki[en]>=0.9.4->kokoro)
  Using cached murmurhash-1.0.15-cp311-cp311-manylinux1_x86_64.manylinux2014_x86_64.manylinux_2_17_x86_64.manylinux_2_5_x86_64.whl.metadata (2.3 kB)
Collecting cymem<2.1.0,>=2.0.2 (from spacy->misaki[en]>=0.9.4->kokoro)
  Using cached cymem-2.0.13-cp311-cp311-manylinux2014_x86_64.manylinux_2_17_x86_64.whl.metadata (9.7 kB)
Collecting preshed<3.1.0,>=3.0.2 (from spacy->misaki[en]>=0.9.4->kokoro)
  Using cached preshed-3.0.13-cp311-cp311-manylinux2014_x86_64.manylinux_2_17_x86_64.whl.metadata (5.2 kB)
Collecting thinc<8.4.0,>=8.3.12 (from spacy->misaki[en]>=0.9.4->kokoro)
  Using cached thinc-8.3.13-cp311-cp311-manylinux2014_x86_64.manylinux_2_17_x86_64.whl.metadata (14 kB)
Collecting wasabi<1.2.0,>=0.9.1 (from spacy->misaki[en]>=0.9.4->kokoro)
  Using cached wasabi-1.1.3-py3-none-any.whl.metadata (28 kB)
Collecting srsly<3.0.0,>=2.5.3 (from spacy->misaki[en]>=0.9.4->kokoro)
  Using cached srsly-2.5.3-cp311-cp311-manylinux2014_x86_64.manylinux_2_17_x86_64.whl.metadata (19 kB)
Collecting catalogue<2.1.0,>=2.0.6 (from spacy->misaki[en]>=0.9.4->kokoro)
  Using cached catalogue-2.0.10-py3-none-any.whl.metadata (14 kB)
Collecting weasel<2.0.0,>=1.0.0 (from spacy->misaki[en]>=0.9.4->kokoro)
  Using cached weasel-1.0.0-py3-none-any.whl.metadata (4.6 kB)
Collecting confection<2.0.0,>=1.3.2 (from spacy->misaki[en]>=0.9.4->kokoro)
  Using cached confection-1.3.3-py3-none-any.whl.metadata (19 kB)
Requirement already satisfied: requests<3.0.0,>=2.13.0 in /root/.local/lib/python3.11/site-packages (from spacy->misaki[en]>=0.9.4->kokoro) (2.33.1)
Collecting pydantic<3.0.0,>=2.0.0 (from spacy->misaki[en]>=0.9.4->kokoro)
  Using cached pydantic-2.13.4-py3-none-any.whl.metadata (109 kB)
Collecting shellingham>=1.3.0 (from typer->transformers->kokoro)
  Using cached shellingham-1.5.4-py2.py3-none-any.whl.metadata (3.5 kB)
Collecting rich>=13.8.0 (from typer->transformers->kokoro)
  Using cached rich-15.0.0-py3-none-any.whl.metadata (18 kB)
Collecting annotated-doc>=0.0.2 (from typer->transformers->kokoro)
  Using cached annotated_doc-0.0.5-py3-none-any.whl.metadata (6.5 kB)
Collecting curated-transformers<3.0.0,>=2.0.0 (from spacy-curated-transformers->misaki[en]>=0.9.4->kokoro)
  Using cached curated_transformers-2.0.1-py2.py3-none-any.whl.metadata (5.3 kB)
Collecting curated-tokenizers<3.0.0,>=2.0.0 (from spacy-curated-transformers->misaki[en]>=0.9.4->kokoro)
  Using cached curated_tokenizers-2.0.0-cp311-cp311-manylinux_2_17_x86_64.manylinux2014_x86_64.whl.metadata (1.9 kB)
INFO: pip is looking at multiple versions of spacy-curated-transformers to determine which version is compatible with other requirements. This could take a while.
Collecting spacy-curated-transformers (from misaki[en]>=0.9.4->kokoro)
  Using cached spacy_curated_transformers-2.1.1-py2.py3-none-any.whl.metadata (2.8 kB)
Collecting spacy (from misaki[en]>=0.9.4->kokoro)
  Using cached spacy-4.0.0.dev3-cp311-cp311-manylinux_2_17_x86_64.manylinux2014_x86_64.whl.metadata (26 kB)
Collecting spacy-curated-transformers (from misaki[en]>=0.9.4->kokoro)
  Using cached spacy_curated_transformers-2.0.0-py2.py3-none-any.whl.metadata (2.8 kB)
  Using cached spacy_curated_transformers-0.3.1-py2.py3-none-any.whl.metadata (2.7 kB)
Collecting curated-transformers<0.2.0,>=0.1.0 (from spacy-curated-transformers->misaki[en]>=0.9.4->kokoro)
  Using cached curated_transformers-0.1.1-py2.py3-none-any.whl.metadata (965 bytes)
Collecting curated-tokenizers<0.1.0,>=0.0.9 (from spacy-curated-transformers->misaki[en]>=0.9.4->kokoro)
  Using cached curated_tokenizers-0.0.9-cp311-cp311-manylinux_2_17_x86_64.manylinux2014_x86_64.whl.metadata (1.9 kB)
Collecting annotated-types>=0.6.0 (from pydantic<3.0.0,>=2.0.0->spacy->misaki[en]>=0.9.4->kokoro)
  Using cached annotated_types-0.8.0-py3-none-any.whl.metadata (15 kB)
Collecting pydantic-core==2.46.4 (from pydantic<3.0.0,>=2.0.0->spacy->misaki[en]>=0.9.4->kokoro)
  Using cached pydantic_core-2.46.4-cp311-cp311-manylinux_2_17_x86_64.manylinux2014_x86_64.whl.metadata (6.6 kB)
Collecting typing-inspection>=0.4.2 (from pydantic<3.0.0,>=2.0.0->spacy->misaki[en]>=0.9.4->kokoro)
  Using cached typing_inspection-0.4.4-py3-none-any.whl.metadata (2.6 kB)
Requirement already satisfied: charset_normalizer<4,>=2 in /root/.local/lib/python3.11/site-packages (from requests<3.0.0,>=2.13.0->spacy->misaki[en]>=0.9.4->kokoro) (3.4.6)
Requirement already satisfied: urllib3<3,>=1.26 in /root/.local/lib/python3.11/site-packages (from requests<3.0.0,>=2.13.0->spacy->misaki[en]>=0.9.4->kokoro) (2.6.3)
Collecting markdown-it-py>=2.2.0 (from rich>=13.8.0->typer->transformers->kokoro)
  Using cached markdown_it_py-4.2.0-py3-none-any.whl.metadata (7.4 kB)
Collecting pygments<3.0.0,>=2.13.0 (from rich>=13.8.0->typer->transformers->kokoro)
  Using cached pygments-2.20.0-py3-none-any.whl.metadata (2.5 kB)
Collecting blis<1.4.0,>=1.3.0 (from thinc<8.4.0,>=8.3.12->spacy->misaki[en]>=0.9.4->kokoro)
  Using cached blis-1.3.3-cp311-cp311-manylinux2014_x86_64.manylinux_2_17_x86_64.whl.metadata (7.5 kB)
Collecting cloudpathlib>=0.7.0 (from weasel<2.0.0,>=1.0.0->spacy->misaki[en]>=0.9.4->kokoro)
  Using cached cloudpathlib-0.24.0-py3-none-any.whl.metadata (16 kB)
Collecting smart-open>=5.2.1 (from weasel<2.0.0,>=1.0.0->spacy->misaki[en]>=0.9.4->kokoro)
  Using cached smart_open-8.0.1-py3-none-any.whl.metadata (24 kB)
Collecting csvw>=1.5.6 (from segments->phonemizer-fork->misaki[en]>=0.9.4->kokoro)
  Using cached csvw-4.1.0-py2.py3-none-any.whl.metadata (10 kB)
Collecting isodate (from csvw>=1.5.6->segments->phonemizer-fork->misaki[en]>=0.9.4->kokoro)
  Using cached isodate-0.7.2-py3-none-any.whl.metadata (11 kB)
Requirement already satisfied: python-dateutil in /root/.local/lib/python3.11/site-packages (from csvw>=1.5.6->segments->phonemizer-fork->misaki[en]>=0.9.4->kokoro) (2.9.0.post0)
Collecting rfc3986<2 (from csvw>=1.5.6->segments->phonemizer-fork->misaki[en]>=0.9.4->kokoro)
  Using cached rfc3986-1.5.0-py2.py3-none-any.whl.metadata (6.5 kB)
Collecting uritemplate>=3.0.0 (from csvw>=1.5.6->segments->phonemizer-fork->misaki[en]>=0.9.4->kokoro)
  Using cached uritemplate-4.2.0-py3-none-any.whl.metadata (2.6 kB)
Collecting babel (from csvw>=1.5.6->segments->phonemizer-fork->misaki[en]>=0.9.4->kokoro)
  Using cached babel-2.18.0-py3-none-any.whl.metadata (2.2 kB)
Collecting language-tags (from csvw>=1.5.6->segments->phonemizer-fork->misaki[en]>=0.9.4->kokoro)
  Using cached language_tags-1.3.1-py3-none-any.whl.metadata (6.5 kB)
Collecting rdflib (from csvw>=1.5.6->segments->phonemizer-fork->misaki[en]>=0.9.4->kokoro)
  Using cached rdflib-7.6.0-py3-none-any.whl.metadata (12 kB)
Collecting termcolor (from csvw>=1.5.6->segments->phonemizer-fork->misaki[en]>=0.9.4->kokoro)
  Using cached termcolor-3.3.0-py3-none-any.whl.metadata (6.5 kB)
Collecting jsonschema (from csvw>=1.5.6->segments->phonemizer-fork->misaki[en]>=0.9.4->kokoro)
  Using cached jsonschema-4.26.0-py3-none-any.whl.metadata (7.6 kB)
Collecting mdurl~=0.1 (from markdown-it-py>=2.2.0->rich>=13.8.0->typer->transformers->kokoro)
  Using cached mdurl-0.1.2-py3-none-any.whl.metadata (1.6 kB)
Collecting wrapt (from smart-open>=5.2.1->weasel<2.0.0,>=1.0.0->spacy->misaki[en]>=0.9.4->kokoro)
  Using cached wrapt-2.3.0-cp311-cp311-manylinux1_x86_64.manylinux_2_28_x86_64.manylinux_2_5_x86_64.whl.metadata (7.4 kB)
Collecting jsonschema-specifications>=2023.03.6 (from jsonschema->csvw>=1.5.6->segments->phonemizer-fork->misaki[en]>=0.9.4->kokoro)
  Using cached jsonschema_specifications-2025.9.1-py3-none-any.whl.metadata (2.9 kB)
Collecting referencing>=0.28.4 (from jsonschema->csvw>=1.5.6->segments->phonemizer-fork->misaki[en]>=0.9.4->kokoro)
  Using cached referencing-0.37.0-py3-none-any.whl.metadata (2.8 kB)
Collecting rpds-py>=0.25.0 (from jsonschema->csvw>=1.5.6->segments->phonemizer-fork->misaki[en]>=0.9.4->kokoro)
  Using cached rpds_py-2026.6.3-cp311-cp311-manylinux_2_17_x86_64.manylinux2014_x86_64.whl.metadata (4.1 kB)
Requirement already satisfied: six>=1.5 in /usr/lib/python3/dist-packages (from python-dateutil->csvw>=1.5.6->segments->phonemizer-fork->misaki[en]>=0.9.4->kokoro) (1.16.0)
Requirement already satisfied: pyparsing<4,>=2.1.0 in /usr/lib/python3/dist-packages (from rdflib->csvw>=1.5.6->segments->phonemizer-fork->misaki[en]>=0.9.4->kokoro) (3.1.1)
Using cached kokoro-0.9.4-py3-none-any.whl (32 kB)
Using cached misaki-0.9.4-py3-none-any.whl (3.6 MB)
Using cached loguru-0.7.3-py3-none-any.whl (61 kB)
Using cached torch-2.13.0-cp311-cp311-manylinux_2_28_x86_64.whl (526.6 MB)
Using cached cuda_toolkit-13.0.3.0-py2.py3-none-any.whl (2.5 kB)
Using cached nvidia_cudnn_cu13-9.20.0.48-py3-none-manylinux_2_27_x86_64.whl (366.2 MB)
Using cached nvidia_cusparselt_cu13-0.8.1-py3-none-manylinux2014_x86_64.whl (170.1 MB)
Using cached nvidia_nccl_cu13-2.29.7-py3-none-manylinux_2_18_x86_64.whl (206.0 MB)
Using cached nvidia_nvshmem_cu13-3.4.5-py3-none-manylinux2014_x86_64.manylinux_2_17_x86_64.whl (60.4 MB)
Using cached triton-3.7.1-cp311-cp311-manylinux_2_27_x86_64.manylinux_2_28_x86_64.whl (197.7 MB)
Using cached nvidia_cublas-13.1.1.3-py3-none-manylinux_2_27_x86_64.whl (423.1 MB)
Using cached nvidia_cuda_cupti-13.0.85-py3-none-manylinux_2_25_x86_64.whl (10.7 MB)
Using cached nvidia_cuda_nvrtc-13.0.88-py3-none-manylinux2010_x86_64.manylinux_2_12_x86_64.whl (90.2 MB)
Using cached nvidia_cuda_runtime-13.0.96-py3-none-manylinux2014_x86_64.manylinux_2_17_x86_64.whl (2.2 MB)
Using cached nvidia_cufft-12.0.0.61-py3-none-manylinux2014_x86_64.manylinux_2_17_x86_64.whl (214.1 MB)
Using cached nvidia_cufile-1.15.1.6-py3-none-manylinux2014_x86_64.manylinux_2_17_x86_64.whl (1.2 MB)
Using cached nvidia_curand-10.4.0.35-py3-none-manylinux_2_27_x86_64.whl (59.5 MB)
Using cached nvidia_cusolver-12.0.4.66-py3-none-manylinux_2_27_x86_64.whl (200.9 MB)
Using cached nvidia_cusparse-12.6.3.3-py3-none-manylinux2014_x86_64.manylinux_2_17_x86_64.whl (145.9 MB)
Using cached nvidia_nvtx-13.0.85-py3-none-manylinux1_x86_64.manylinux_2_5_x86_64.whl (148 kB)
Using cached transformers-5.15.0-py3-none-any.whl (11.7 MB)
Using cached cuda_bindings-13.3.1-cp311-cp311-manylinux_2_24_x86_64.manylinux_2_28_x86_64.whl (6.7 MB)
Using cached networkx-3.6.1-py3-none-any.whl (2.1 MB)
Using cached regex-2026.7.19-cp311-cp311-manylinux2014_x86_64.manylinux_2_17_x86_64.manylinux_2_28_x86_64.whl (801 kB)
Using cached safetensors-0.8.0-cp310-abi3-manylinux_2_17_x86_64.manylinux2014_x86_64.whl (516 kB)
Using cached setuptools-84.0.0-py3-none-any.whl (818 kB)
Using cached sympy-1.14.0-py3-none-any.whl (6.3 MB)
Using cached tokenizers-0.22.2-cp39-abi3-manylinux_2_17_x86_64.manylinux2014_x86_64.whl (3.3 MB)
Using cached addict-2.4.0-py3-none-any.whl (3.8 kB)
Using cached espeakng_loader-0.2.4-py3-none-manylinux_2_17_x86_64.manylinux2014_x86_64.whl (10.1 MB)
Using cached num2words-0.5.14-py3-none-any.whl (163 kB)
Using cached phonemizer_fork-3.3.2-py3-none-any.whl (82 kB)
Using cached spacy-3.8.15-cp311-cp311-manylinux_2_24_x86_64.manylinux_2_28_x86_64.whl (32.4 MB)
Using cached typer-0.27.1-py3-none-any.whl (122 kB)
Using cached spacy_curated_transformers-0.3.1-py2.py3-none-any.whl (237 kB)
Using cached annotated_doc-0.0.5-py3-none-any.whl (5.3 kB)
Using cached attrs-26.1.0-py3-none-any.whl (67 kB)
Using cached catalogue-2.0.10-py3-none-any.whl (17 kB)
Using cached confection-1.3.3-py3-none-any.whl (35 kB)
Using cached cuda_pathfinder-1.6.0-py3-none-any.whl (54 kB)
Using cached curated_tokenizers-0.0.9-cp311-cp311-manylinux_2_17_x86_64.manylinux2014_x86_64.whl (735 kB)
Using cached curated_transformers-0.1.1-py2.py3-none-any.whl (25 kB)
Using cached cymem-2.0.13-cp311-cp311-manylinux2014_x86_64.manylinux_2_17_x86_64.whl (244 kB)
Using cached mpmath-1.3.0-py3-none-any.whl (536 kB)
Using cached murmurhash-1.0.15-cp311-cp311-manylinux1_x86_64.manylinux2014_x86_64.manylinux_2_17_x86_64.manylinux_2_5_x86_64.whl (128 kB)
Using cached nvidia_nvjitlink-13.3.33-py3-none-manylinux2010_x86_64.manylinux_2_12_x86_64.whl (40.7 MB)
Using cached preshed-3.0.13-cp311-cp311-manylinux2014_x86_64.manylinux_2_17_x86_64.whl (823 kB)
Using cached pydantic-2.13.4-py3-none-any.whl (472 kB)
Using cached pydantic_core-2.46.4-cp311-cp311-manylinux_2_17_x86_64.manylinux2014_x86_64.whl (2.1 MB)
Using cached rich-15.0.0-py3-none-any.whl (310 kB)
Using cached shellingham-1.5.4-py2.py3-none-any.whl (9.8 kB)
Using cached spacy_legacy-3.0.12-py2.py3-none-any.whl (29 kB)
Using cached spacy_loggers-1.0.5-py3-none-any.whl (22 kB)
Using cached srsly-2.5.3-cp311-cp311-manylinux2014_x86_64.manylinux_2_17_x86_64.whl (1.1 MB)
Using cached thinc-8.3.13-cp311-cp311-manylinux2014_x86_64.manylinux_2_17_x86_64.whl (4.1 MB)
Using cached wasabi-1.1.3-py3-none-any.whl (27 kB)
Using cached weasel-1.0.0-py3-none-any.whl (50 kB)
Using cached dlinfo-2.0.0-py3-none-any.whl (3.7 kB)
Using cached joblib-1.5.3-py3-none-any.whl (309 kB)
Using cached segments-2.4.0-py2.py3-none-any.whl (16 kB)
Using cached annotated_types-0.8.0-py3-none-any.whl (13 kB)
Using cached blis-1.3.3-cp311-cp311-manylinux2014_x86_64.manylinux_2_17_x86_64.whl (11.4 MB)
Using cached cloudpathlib-0.24.0-py3-none-any.whl (63 kB)
Using cached csvw-4.1.0-py2.py3-none-any.whl (69 kB)
Using cached markdown_it_py-4.2.0-py3-none-any.whl (91 kB)
Using cached pygments-2.20.0-py3-none-any.whl (1.2 MB)
Using cached smart_open-8.0.1-py3-none-any.whl (73 kB)
Using cached typing_inspection-0.4.4-py3-none-any.whl (14 kB)
Using cached mdurl-0.1.2-py3-none-any.whl (10.0 kB)
Using cached rfc3986-1.5.0-py2.py3-none-any.whl (31 kB)
Using cached uritemplate-4.2.0-py3-none-any.whl (11 kB)
Using cached babel-2.18.0-py3-none-any.whl (10.2 MB)
Using cached isodate-0.7.2-py3-none-any.whl (22 kB)
Using cached jsonschema-4.26.0-py3-none-any.whl (90 kB)
Using cached language_tags-1.3.1-py3-none-any.whl (216 kB)
Using cached rdflib-7.6.0-py3-none-any.whl (615 kB)
Using cached termcolor-3.3.0-py3-none-any.whl (7.7 kB)
Using cached wrapt-2.3.0-cp311-cp311-manylinux1_x86_64.manylinux_2_28_x86_64.manylinux_2_5_x86_64.whl (161 kB)
Using cached jsonschema_specifications-2025.9.1-py3-none-any.whl (18 kB)
Using cached referencing-0.37.0-py3-none-any.whl (26 kB)
Using cached rpds_py-2026.6.3-cp311-cp311-manylinux_2_17_x86_64.manylinux2014_x86_64.whl (371 kB)
Installing collected packages: rfc3986, nvidia-cusparselt-cu13, mpmath, cuda-toolkit, addict, wrapt, wasabi, uritemplate, typing-inspection, triton, termcolor, sympy, spacy-loggers, spacy-legacy, shellingham, setuptools, safetensors, rpds-py, regex, rdflib, pygments, pydantic-core, nvidia-nvtx, nvidia-nvshmem-cu13, nvidia-nvjitlink, nvidia-nccl-cu13, nvidia-curand, nvidia-cufile, nvidia-cuda-runtime, nvidia-cuda-nvrtc, nvidia-cuda-cupti, num2words, networkx, murmurhash, mdurl, loguru, language-tags, joblib, isodate, espeakng-loader, dlinfo, cymem, cuda-pathfinder, confection, cloudpathlib, catalogue, blis, babel, attrs, annotated-types, annotated-doc, srsly, smart-open, referencing, pydantic, preshed, nvidia-cusparse, nvidia-cufft, nvidia-cublas, misaki, markdown-it-py, curated-tokenizers, cuda-bindings, thinc, rich, nvidia-cusolver, nvidia-cudnn-cu13, jsonschema-specifications, typer, tokenizers, jsonschema, weasel, transformers, torch, csvw, spacy, segments, curated-transformers, spacy-curated-transformers, phonemizer-fork, kokoro
  Attempting uninstall: setuptools
    Found existing installation: setuptools 68.1.2
    Uninstalling setuptools-68.1.2:
      Successfully uninstalled setuptools-68.1.2
  Attempting uninstall: tokenizers
    Found existing installation: tokenizers 0.23.1
    Uninstalling tokenizers-0.23.1:
      Successfully uninstalled tokenizers-0.23.1
Successfully installed addict-2.4.0 annotated-doc-0.0.5 annotated-types-0.8.0 attrs-26.1.0 babel-2.18.0 blis-1.3.3 catalogue-2.0.10 cloudpathlib-0.24.0 confection-1.3.3 csvw-4.1.0 cuda-bindings-13.3.1 cuda-pathfinder-1.6.0 cuda-toolkit-13.0.3.0 curated-tokenizers-0.0.9 curated-transformers-0.1.1 cymem-2.0.13 dlinfo-2.0.0 espeakng-loader-0.2.4 isodate-0.7.2 joblib-1.5.3 jsonschema-4.26.0 jsonschema-specifications-2025.9.1 kokoro-0.9.4 language-tags-1.3.1 loguru-0.7.3 markdown-it-py-4.2.0 mdurl-0.1.2 misaki-0.9.4 mpmath-1.3.0 murmurhash-1.0.15 networkx-3.6.1 num2words-0.5.14 nvidia-cublas-13.1.1.3 nvidia-cuda-cupti-13.0.85 nvidia-cuda-nvrtc-13.0.88 nvidia-cuda-runtime-13.0.96 nvidia-cudnn-cu13-9.20.0.48 nvidia-cufft-12.0.0.61 nvidia-cufile-1.15.1.6 nvidia-curand-10.4.0.35 nvidia-cusolver-12.0.4.66 nvidia-cusparse-12.6.3.3 nvidia-cusparselt-cu13-0.8.1 nvidia-nccl-cu13-2.29.7 nvidia-nvjitlink-13.3.33 nvidia-nvshmem-cu13-3.4.5 nvidia-nvtx-13.0.85 phonemizer-fork-3.3.2 preshed-3.0.13 pydantic-2.13.4 pydantic-core-2.46.4 pygments-2.20.0 rdflib-7.6.0 referencing-0.37.0 regex-2026.7.19 rfc3986-1.5.0 rich-15.0.0 rpds-py-2026.6.3 safetensors-0.8.0 segments-2.4.0 setuptools-84.0.0 shellingham-1.5.4 smart-open-8.0.1 spacy-3.8.15 spacy-curated-transformers-0.3.1 spacy-legacy-3.0.12 spacy-loggers-1.0.5 srsly-2.5.3 sympy-1.14.0 termcolor-3.3.0 thinc-8.3.13 tokenizers-0.22.2 torch-2.13.0+cpu transformers-5.15.0 triton-3.7.1 typer-0.27.1 typing-inspection-0.4.4 uritemplate-4.2.0 wasabi-1.1.3 weasel-1.0.0 wrapt-2.3.0
WARNING: Running pip as the 'root' user can result in broken permissions and conflicting behaviour with the system package manager. It is recommended to use a virtual environment instead: https://pip.pypa.io/warnings/venv
